============================= test session starts ==============================
platform linux -- Python 3.11.14, pytest-9.0.2, pluggy-1.6.0
rootdir: /home/runner/work/RivalSearchMCP/RivalSearchMCP
configfile: pyproject.toml
testpaths: tests
plugins: cov-7.0.0, asyncio-1.3.0, anyio-4.12.1
asyncio: mode=Mode.AUTO, debug=False, asyncio_default_fixture_loop_scope=None, asyncio_default_test_loop_scope=function
collected 64 items

tests/tools/test_content_operations.py ..........                        [ 15%]
tests/tools/test_document_analysis.py ....                               [ 21%]
tests/tools/test_github_search.py ...F                                   [ 28%]
tests/tools/test_map_website.py .......                                  [ 39%]
tests/tools/test_news_aggregation.py ....                                [ 45%]
tests/tools/test_research_agent.py .FFFFFFFFF                            [ 60%]
tests/tools/test_research_topic.py ......                                [ 70%]
tests/tools/test_scientific_research.py .........                        [ 84%]
tests/tools/test_social_search.py F....                                  [ 92%]
tests/tools/test_web_search.py .....                                     [100%]

=================================== FAILURES ===================================
_____________________________ test_github_quality ______________________________

    async def test_github_quality():
        """Test that GitHub returns quality repository information."""
        async with create_client() as client:
            result = await client.call_tool(
                "github_search",
                {
                    "query": "TypeScript",
                    "language": "TypeScript",
                    "max_results": 5
                }
            )
    
            output = result.content[0].text
    
            # Handle rate limiting
            if "rate limit" in output.lower():
                print(f"⚠️  GitHub rate limited")
                assert len(output) > 50, "Error handling too minimal"
            else:
>               assert len(output) > 200, f"GitHub quality output: {len(output)} chars"
E               AssertionError: GitHub quality output: 116 chars
E               assert 116 > 200
E                +  where 116 = len('# 🐙 GitHub Repository Search: *TypeScript*\n\n**Found 0 repositories**\n\n---\n\n*Search completed on 2026-01-20 04:02:43*')

tests/tools/test_github_search.py:103: AssertionError
----------------------------- Captured stderr call -----------------------------
2026-01-20 04:02:42,760 - INFO - Custom routes registered successfully
2026-01-20 04:02:42,760 - INFO - Starting RivalSearchMCP in development mode (stdio)


╭──────────────────────────────────────────────────────────────────────────────╮
│                                                                              │
│                                                                              │
│                         ▄▀▀ ▄▀█ █▀▀ ▀█▀ █▀▄▀█ █▀▀ █▀█                        │
│                         █▀  █▀█ ▄▄█  █  █ ▀ █ █▄▄ █▀▀                        │
│                                                                              │
│                                                                              │
│                                FastMCP 2.14.3                                │
│                            https://gofastmcp.com                             │
│                                                                              │
│                    🖥  Server:      RivalSearchMCP                            │
│                    🚀 Deploy free: https://fastmcp.cloud                     │
│                                                                              │
╰──────────────────────────────────────────────────────────────────────────────╯
╭──────────────────────────────────────────────────────────────────────────────╮
│                          ✨ FastMCP 3.0 is coming!                           │
│       Pin `fastmcp < 3` in production, then upgrade when you're ready.       │
╰──────────────────────────────────────────────────────────────────────────────╯


[01/20/26 04:02:42] INFO     Starting MCP server 'RivalSearchMCP' server.py:2507
                             with transport 'stdio'                             
2026-01-20 04:02:42,806 - INFO - GitHub search for: TypeScript
2026-01-20 04:02:43,026 - ERROR - GitHub search failed: Client error '403 rate limit exceeded' for url 'https://api.github.com/search/repositories?q=TypeScript+language%3ATypeScript&sort=stars&order=desc&per_page=5'
For more information check: https://developer.mozilla.org/en-US/docs/Web/HTTP/Status/403
__________________________ test_workflow_basic_depth ___________________________

    async def test_workflow_basic_depth():
        """Test research_workflow with basic research depth."""
        async with create_client() as client:
            result = await client.call_tool(
                "research_agent",
                {
                    "topic": "JavaScript",
                    "max_sources": 5,
                    "research_depth": "basic",
                    "enable_ai_insights": True
                }
            )
    
            output = result.content[0].text
            # AI agent mode produces rich output
>           assert len(output) > 500, f"Basic research too short: {len(output)} chars"
E           AssertionError: Basic research too short: 110 chars
E           assert 110 > 500
E            +  where 110 = len('# 📋 Research Analysis: *JavaScript*\n\n❌ **Error:** User not found.\n\n*Analysis attempted on 2026-01-20 04:03:51*')

tests/tools/test_research_agent.py:58: AssertionError
----------------------------- Captured stderr call -----------------------------
2026-01-20 04:03:51,046 - INFO - Custom routes registered successfully
2026-01-20 04:03:51,046 - INFO - Starting RivalSearchMCP in development mode (stdio)


╭──────────────────────────────────────────────────────────────────────────────╮
│                                                                              │
│                                                                              │
│                         ▄▀▀ ▄▀█ █▀▀ ▀█▀ █▀▄▀█ █▀▀ █▀█                        │
│                         █▀  █▀█ ▄▄█  █  █ ▀ █ █▄▄ █▀▀                        │
│                                                                              │
│                                                                              │
│                                FastMCP 2.14.3                                │
│                            https://gofastmcp.com                             │
│                                                                              │
│                    🖥  Server:      RivalSearchMCP                            │
│                    🚀 Deploy free: https://fastmcp.cloud                     │
│                                                                              │
╰──────────────────────────────────────────────────────────────────────────────╯
╭──────────────────────────────────────────────────────────────────────────────╮
│                          ✨ FastMCP 3.0 is coming!                           │
│       Pin `fastmcp < 3` in production, then upgrade when you're ready.       │
╰──────────────────────────────────────────────────────────────────────────────╯


[01/20/26 04:03:51] INFO     Starting MCP server 'RivalSearchMCP' server.py:2507
                             with transport 'stdio'                             
                    DEBUG    Sending INFO to client: 🔬 Starting context.py:1044
                             AI-enhanced research on: JavaScript                
                    DEBUG    Sending INFO to client: 📊 Research context.py:1044
                             ID: research_20260120_040351                       
2026-01-20 04:03:51,096 - INFO - Fetching free models with tool support from OpenRouter...
[01/20/26 04:03:51] INFO     Received INFO from server: {'msg':    logging.py:44
                             '🔬 Starting AI-enhanced research on:              
                             JavaScript', 'extra': None}                        
                    INFO     Received INFO from server: {'msg':    logging.py:44
                             '📊 Research ID:                                   
                             research_20260120_040351', 'extra':                
                             None}                                              
2026-01-20 04:03:51,191 - INFO - Found 16 free fallback models with tool support
2026-01-20 04:03:51,191 - INFO - Primary model (hardcoded): meta-llama/llama-3.3-70b-instruct:free
2026-01-20 04:03:51,191 - INFO - Fallback models (dynamic): ['qwen/qwen3-coder:free', 'google/gemini-2.0-flash-exp:free']
                    DEBUG    Sending INFO to client: 🤖 AI Agent context.py:1044
                             initialized with 3 models (top 3 of                
                             3)                                                 
                    DEBUG    Sending INFO to client: 🎯 Primary  context.py:1044
                             model:                                             
                             meta-llama/llama-3.3-70b-instruct:f                
                             ree                                                
                    INFO     Received INFO from server: {'msg':    logging.py:44
                             '🤖 AI Agent initialized with 3                    
                             models (top 3 of 3)', 'extra': None}               
                    INFO     Received INFO from server: {'msg':    logging.py:44
                             '🎯 Primary model:                                 
                             meta-llama/llama-3.3-70b-instruct:fre              
                             e', 'extra': None}                                 
                    DEBUG    Sending ERROR to client: ❌         context.py:1044
                             Research workflow failed for                       
                             'JavaScript': User not found.                      
2026-01-20 04:03:51,429 - ERROR - Research workflow failed for 'JavaScript': User not found.
                    ERROR    Received ERROR from server: {'msg':   logging.py:44
                             "❌ Research workflow failed for                   
                             'JavaScript': User not found.",                    
                             'extra': None}                                     
______________________ test_workflow_comprehensive_depth _______________________

    async def test_workflow_comprehensive_depth():
        """Test research_workflow with comprehensive research depth."""
        async with create_client() as client:
>           result = await client.call_tool(
                "research_agent",
                {
                    "topic": "AI",
                    "max_sources": 5,
                    "research_depth": "comprehensive",
                    "enable_ai_insights": True
                }
            )

tests/tools/test_research_agent.py:66: 
_ _ _ _ _ _ _ _ _ _ _ _ _ _ _ _ _ _ _ _ _ _ _ _ _ _ _ _ _ _ _ _ _ _ _ _ _ _ _ _ 

self = <fastmcp.client.client.Client object at 0x7f0a2a82c590>
name = 'research_agent'
arguments = {'enable_ai_insights': True, 'max_sources': 5, 'research_depth': 'comprehensive', 'topic': 'AI'}

    async def call_tool(
        self,
        name: str,
        arguments: dict[str, Any] | None = None,
        *,
        timeout: datetime.timedelta | float | int | None = None,
        progress_handler: ProgressHandler | None = None,
        raise_on_error: bool = True,
        meta: dict[str, Any] | None = None,
        task: bool = False,
        task_id: str | None = None,
        ttl: int = 60000,
    ) -> CallToolResult | ToolTask:
        """Call a tool on the server.
    
        Unlike call_tool_mcp, this method raises a ToolError if the tool call results in an error.
    
        Args:
            name (str): The name of the tool to call.
            arguments (dict[str, Any] | None, optional): Arguments to pass to the tool. Defaults to None.
            timeout (datetime.timedelta | float | int | None, optional): The timeout for the tool call. Defaults to None.
            progress_handler (ProgressHandler | None, optional): The progress handler to use for the tool call. Defaults to None.
            raise_on_error (bool, optional): Whether to raise an exception if the tool call results in an error. Defaults to True.
            meta (dict[str, Any] | None, optional): Additional metadata to include with the request.
                This is useful for passing contextual information (like user IDs, trace IDs, or preferences)
                that shouldn't be tool arguments but may influence server-side processing. The server
                can access this via `context.request_context.meta`. Defaults to None.
            task (bool): If True, execute as background task (SEP-1686). Defaults to False.
            task_id (str | None): Optional client-provided task ID (auto-generated if not provided).
            ttl (int): Time to keep results available in milliseconds (default 60s).
    
        Returns:
            CallToolResult | ToolTask: The content returned by the tool if task=False,
                or a ToolTask object if task=True. If the tool returns structured
                outputs, they are returned as a dataclass (if an output schema
                is available) or a dictionary; otherwise, a list of content
                blocks is returned. Note: to receive both structured and
                unstructured outputs, use call_tool_mcp instead and access the
                raw result object.
    
        Raises:
            ToolError: If the tool call results in an error.
            RuntimeError: If called while the client is not connected.
        """
        if task:
            return await self._call_tool_as_task(name, arguments, task_id, ttl)
    
        result = await self.call_tool_mcp(
            name=name,
            arguments=arguments or {},
            timeout=timeout,
            progress_handler=progress_handler,
            meta=meta,
        )
>       return await self._parse_call_tool_result(
            name, result, raise_on_error=raise_on_error
        )

/opt/hostedtoolcache/Python/3.11.14/x64/lib/python3.11/site-packages/fastmcp/client/client.py:1430: 
_ _ _ _ _ _ _ _ _ _ _ _ _ _ _ _ _ _ _ _ _ _ _ _ _ _ _ _ _ _ _ _ _ _ _ _ _ _ _ _ 

self = <fastmcp.client.client.Client object at 0x7f0a2a82c590>
name = 'research_agent'
result = CallToolResult(meta=None, content=[TextContent(type='text', text="Tool execution failed: 1 validation error for call[r...ps://errors.pydantic.dev/2.12/v/string_too_short", annotations=None, meta=None)], structuredContent=None, isError=True)
raise_on_error = True

    async def _parse_call_tool_result(
        self, name: str, result: mcp.types.CallToolResult, raise_on_error: bool = False
    ) -> CallToolResult:
        """Parse an mcp.types.CallToolResult into our CallToolResult dataclass.
    
        Args:
            name: Tool name (for schema lookup)
            result: Raw MCP protocol result
            raise_on_error: Whether to raise ToolError on errors
    
        Returns:
            CallToolResult: Parsed result with structured data
        """
        data = None
        if result.isError and raise_on_error:
            msg = cast(mcp.types.TextContent, result.content[0]).text
>           raise ToolError(msg)
E           fastmcp.exceptions.ToolError: Tool execution failed: 1 validation error for call[research_agent]
E           topic
E             String should have at least 3 characters [type=string_too_short, input_value='AI', input_type=str]
E               For further information visit https://errors.pydantic.dev/2.12/v/string_too_short

/opt/hostedtoolcache/Python/3.11.14/x64/lib/python3.11/site-packages/fastmcp/client/client.py:1317: ToolError
----------------------------- Captured stderr call -----------------------------
2026-01-20 04:03:55,314 - INFO - Custom routes registered successfully
2026-01-20 04:03:55,315 - INFO - Starting RivalSearchMCP in development mode (stdio)


╭──────────────────────────────────────────────────────────────────────────────╮
│                                                                              │
│                                                                              │
│                         ▄▀▀ ▄▀█ █▀▀ ▀█▀ █▀▄▀█ █▀▀ █▀█                        │
│                         █▀  █▀█ ▄▄█  █  █ ▀ █ █▄▄ █▀▀                        │
│                                                                              │
│                                                                              │
│                                FastMCP 2.14.3                                │
│                            https://gofastmcp.com                             │
│                                                                              │
│                    🖥  Server:      RivalSearchMCP                            │
│                    🚀 Deploy free: https://fastmcp.cloud                     │
│                                                                              │
╰──────────────────────────────────────────────────────────────────────────────╯
╭──────────────────────────────────────────────────────────────────────────────╮
│                          ✨ FastMCP 3.0 is coming!                           │
│       Pin `fastmcp < 3` in production, then upgrade when you're ready.       │
╰──────────────────────────────────────────────────────────────────────────────╯


[01/20/26 04:03:55] INFO     Starting MCP server 'RivalSearchMCP' server.py:2507
                             with transport 'stdio'                             
Failed tools/call: ValidationError: 1 validation error for call[research_agent]
topic
  String should have at least 3 characters [type=string_too_short, input_value='AI', input_type=str]
    For further information visit https://errors.pydantic.dev/2.12/v/string_too_short
Operation failed: tools/call after 0.16ms: 1 validation error for call[research_agent]
topic
  String should have at least 3 characters [type=string_too_short, input_value='AI', input_type=str]
    For further information visit https://errors.pydantic.dev/2.12/v/string_too_short
Error in tools/call: ValidationError: 1 validation error for call[research_agent]
topic
  String should have at least 3 characters [type=string_too_short, input_value='AI', input_type=str]
    For further information visit https://errors.pydantic.dev/2.12/v/string_too_short
__________________________ test_workflow_expert_depth __________________________

    async def test_workflow_expert_depth():
        """Test research_workflow with expert research depth."""
        async with create_client() as client:
            result = await client.call_tool(
                "research_agent",
                {
                    "topic": "databases",
                    "max_sources": 5,
                    "research_depth": "expert",
                    "enable_ai_insights": True
                }
            )
    
            output = result.content[0].text
    
            # Handle rate limits
            if "rate limit" in output.lower():
                print(f"⚠️  OpenRouter rate limited")
                assert len(output) > 50, "Error handling too minimal"
            else:
>               assert len(output) > 500, f"Expert research too short: {len(output)} chars"
E               AssertionError: Expert research too short: 109 chars
E               assert 109 > 500
E                +  where 109 = len('# 📋 Research Analysis: *databases*\n\n❌ **Error:** User not found.\n\n*Analysis attempted on 2026-01-20 04:03:59*')

tests/tools/test_research_agent.py:108: AssertionError
----------------------------- Captured stderr call -----------------------------
2026-01-20 04:03:59,269 - INFO - Custom routes registered successfully
2026-01-20 04:03:59,270 - INFO - Starting RivalSearchMCP in development mode (stdio)


╭──────────────────────────────────────────────────────────────────────────────╮
│                                                                              │
│                                                                              │
│                         ▄▀▀ ▄▀█ █▀▀ ▀█▀ █▀▄▀█ █▀▀ █▀█                        │
│                         █▀  █▀█ ▄▄█  █  █ ▀ █ █▄▄ █▀▀                        │
│                                                                              │
│                                                                              │
│                                FastMCP 2.14.3                                │
│                            https://gofastmcp.com                             │
│                                                                              │
│                    🖥  Server:      RivalSearchMCP                            │
│                    🚀 Deploy free: https://fastmcp.cloud                     │
│                                                                              │
╰──────────────────────────────────────────────────────────────────────────────╯
╭──────────────────────────────────────────────────────────────────────────────╮
│                          ✨ FastMCP 3.0 is coming!                           │
│       Pin `fastmcp < 3` in production, then upgrade when you're ready.       │
╰──────────────────────────────────────────────────────────────────────────────╯


[01/20/26 04:03:59] INFO     Starting MCP server 'RivalSearchMCP' server.py:2507
                             with transport 'stdio'                             
                    DEBUG    Sending INFO to client: 🔬 Starting context.py:1044
                             AI-enhanced research on: databases                 
                    DEBUG    Sending INFO to client: 📊 Research context.py:1044
                             ID: research_20260120_040359                       
2026-01-20 04:03:59,321 - INFO - Fetching free models with tool support from OpenRouter...
[01/20/26 04:03:59] INFO     Received INFO from server: {'msg':    logging.py:44
                             '🔬 Starting AI-enhanced research on:              
                             databases', 'extra': None}                         
                    INFO     Received INFO from server: {'msg':    logging.py:44
                             '📊 Research ID:                                   
                             research_20260120_040359', 'extra':                
                             None}                                              
2026-01-20 04:03:59,411 - INFO - Found 16 free fallback models with tool support
2026-01-20 04:03:59,412 - INFO - Primary model (hardcoded): meta-llama/llama-3.3-70b-instruct:free
2026-01-20 04:03:59,412 - INFO - Fallback models (dynamic): ['qwen/qwen3-coder:free', 'google/gemini-2.0-flash-exp:free']
                    DEBUG    Sending INFO to client: 🤖 AI Agent context.py:1044
                             initialized with 3 models (top 3 of                
                             3)                                                 
                    DEBUG    Sending INFO to client: 🎯 Primary  context.py:1044
                             model:                                             
                             meta-llama/llama-3.3-70b-instruct:f                
                             ree                                                
                    INFO     Received INFO from server: {'msg':    logging.py:44
                             '🤖 AI Agent initialized with 3                    
                             models (top 3 of 3)', 'extra': None}               
                    INFO     Received INFO from server: {'msg':    logging.py:44
                             '🎯 Primary model:                                 
                             meta-llama/llama-3.3-70b-instruct:fre              
                             e', 'extra': None}                                 
                    DEBUG    Sending ERROR to client: ❌         context.py:1044
                             Research workflow failed for                       
                             'databases': User not found.                       
2026-01-20 04:03:59,635 - ERROR - Research workflow failed for 'databases': User not found.
                    ERROR    Received ERROR from server: {'msg':   logging.py:44
                             "❌ Research workflow failed for                   
                             'databases': User not found.",                     
                             'extra': None}                                     
__________________________ test_workflow_max_sources ___________________________

    async def test_workflow_max_sources():
        """Test research_workflow with different max_sources values."""
        async with create_client() as client:
            # Only test one value to keep test fast
            result = await client.call_tool(
                "research_agent",
                {
                    "topic": "programming",
                    "max_sources": 5,
                    "research_depth": "basic",
                    "enable_ai_insights": True
                }
            )
    
            output = result.content[0].text
    
            # Handle rate limits
            if "rate limit" in output.lower():
                print(f"⚠️  OpenRouter rate limited")
                assert len(output) > 50, "Error handling too minimal"
            else:
>               assert len(output) > 400, f"Output too short: {len(output)} chars"
E               AssertionError: Output too short: 111 chars
E               assert 111 > 400
E                +  where 111 = len('# 📋 Research Analysis: *programming*\n\n❌ **Error:** User not found.\n\n*Analysis attempted on 2026-01-20 04:04:03*')

tests/tools/test_research_agent.py:134: AssertionError
----------------------------- Captured stderr call -----------------------------
2026-01-20 04:04:03,531 - INFO - Custom routes registered successfully
2026-01-20 04:04:03,531 - INFO - Starting RivalSearchMCP in development mode (stdio)


╭──────────────────────────────────────────────────────────────────────────────╮
│                                                                              │
│                                                                              │
│                         ▄▀▀ ▄▀█ █▀▀ ▀█▀ █▀▄▀█ █▀▀ █▀█                        │
│                         █▀  █▀█ ▄▄█  █  █ ▀ █ █▄▄ █▀▀                        │
│                                                                              │
│                                                                              │
│                                FastMCP 2.14.3                                │
│                            https://gofastmcp.com                             │
│                                                                              │
│                    🖥  Server:      RivalSearchMCP                            │
│                    🚀 Deploy free: https://fastmcp.cloud                     │
│                                                                              │
╰──────────────────────────────────────────────────────────────────────────────╯
╭──────────────────────────────────────────────────────────────────────────────╮
│                          ✨ FastMCP 3.0 is coming!                           │
│       Pin `fastmcp < 3` in production, then upgrade when you're ready.       │
╰──────────────────────────────────────────────────────────────────────────────╯


[01/20/26 04:04:03] INFO     Starting MCP server 'RivalSearchMCP' server.py:2507
                             with transport 'stdio'                             
                    DEBUG    Sending INFO to client: 🔬 Starting context.py:1044
                             AI-enhanced research on:                           
                             programming                                        
                    DEBUG    Sending INFO to client: 📊 Research context.py:1044
                             ID: research_20260120_040403                       
2026-01-20 04:04:03,582 - INFO - Fetching free models with tool support from OpenRouter...
[01/20/26 04:04:03] INFO     Received INFO from server: {'msg':    logging.py:44
                             '🔬 Starting AI-enhanced research on:              
                             programming', 'extra': None}                       
                    INFO     Received INFO from server: {'msg':    logging.py:44
                             '📊 Research ID:                                   
                             research_20260120_040403', 'extra':                
                             None}                                              
2026-01-20 04:04:03,702 - INFO - Found 16 free fallback models with tool support
2026-01-20 04:04:03,702 - INFO - Primary model (hardcoded): meta-llama/llama-3.3-70b-instruct:free
2026-01-20 04:04:03,703 - INFO - Fallback models (dynamic): ['qwen/qwen3-coder:free', 'google/gemini-2.0-flash-exp:free']
                    DEBUG    Sending INFO to client: 🤖 AI Agent context.py:1044
                             initialized with 3 models (top 3 of                
                             3)                                                 
                    DEBUG    Sending INFO to client: 🎯 Primary  context.py:1044
                             model:                                             
                             meta-llama/llama-3.3-70b-instruct:f                
                             ree                                                
                    INFO     Received INFO from server: {'msg':    logging.py:44
                             '🤖 AI Agent initialized with 3                    
                             models (top 3 of 3)', 'extra': None}               
                    INFO     Received INFO from server: {'msg':    logging.py:44
                             '🎯 Primary model:                                 
                             meta-llama/llama-3.3-70b-instruct:fre              
                             e', 'extra': None}                                 
                    DEBUG    Sending ERROR to client: ❌         context.py:1044
                             Research workflow failed for                       
                             'programming': User not found.                     
2026-01-20 04:04:03,926 - ERROR - Research workflow failed for 'programming': User not found.
                    ERROR    Received ERROR from server: {'msg':   logging.py:44
                             "❌ Research workflow failed for                   
                             'programming': User not found.",                   
                             'extra': None}                                     
__________________________ test_workflow_with_trends ___________________________

    async def test_workflow_with_trends():
        """Test research_workflow with trends analysis included."""
        async with create_client() as client:
            result = await client.call_tool(
                "research_agent",
                {
                    "topic": "web",
                    "max_sources": 5,
                    "include_trends": True,
                    "research_depth": "basic",
                    "enable_ai_insights": True
                }
            )
    
            output = result.content[0].text
    
            # Handle rate limits
            if "rate limit" in output.lower():
                print(f"⚠️  OpenRouter rate limited")
            else:
>               assert len(output) > 300, f"Output: {len(output)} chars"
E               AssertionError: Output: 103 chars
E               assert 103 > 300
E                +  where 103 = len('# 📋 Research Analysis: *web*\n\n❌ **Error:** User not found.\n\n*Analysis attempted on 2026-01-20 04:04:08*')

tests/tools/test_research_agent.py:159: AssertionError
----------------------------- Captured stderr call -----------------------------
2026-01-20 04:04:07,826 - INFO - Custom routes registered successfully
2026-01-20 04:04:07,826 - INFO - Starting RivalSearchMCP in development mode (stdio)


╭──────────────────────────────────────────────────────────────────────────────╮
│                                                                              │
│                                                                              │
│                         ▄▀▀ ▄▀█ █▀▀ ▀█▀ █▀▄▀█ █▀▀ █▀█                        │
│                         █▀  █▀█ ▄▄█  █  █ ▀ █ █▄▄ █▀▀                        │
│                                                                              │
│                                                                              │
│                                FastMCP 2.14.3                                │
│                            https://gofastmcp.com                             │
│                                                                              │
│                    🖥  Server:      RivalSearchMCP                            │
│                    🚀 Deploy free: https://fastmcp.cloud                     │
│                                                                              │
╰──────────────────────────────────────────────────────────────────────────────╯
╭──────────────────────────────────────────────────────────────────────────────╮
│                          ✨ FastMCP 3.0 is coming!                           │
│       Pin `fastmcp < 3` in production, then upgrade when you're ready.       │
╰──────────────────────────────────────────────────────────────────────────────╯


[01/20/26 04:04:07] INFO     Starting MCP server 'RivalSearchMCP' server.py:2507
                             with transport 'stdio'                             
                    DEBUG    Sending INFO to client: 🔬 Starting context.py:1044
                             AI-enhanced research on: web                       
                    DEBUG    Sending INFO to client: 📊 Research context.py:1044
                             ID: research_20260120_040407                       
2026-01-20 04:04:07,878 - INFO - Fetching free models with tool support from OpenRouter...
[01/20/26 04:04:07] INFO     Received INFO from server: {'msg':    logging.py:44
                             '🔬 Starting AI-enhanced research on:              
                             web', 'extra': None}                               
                    INFO     Received INFO from server: {'msg':    logging.py:44
                             '📊 Research ID:                                   
                             research_20260120_040407', 'extra':                
                             None}                                              
2026-01-20 04:04:07,979 - INFO - Found 16 free fallback models with tool support
2026-01-20 04:04:07,979 - INFO - Primary model (hardcoded): meta-llama/llama-3.3-70b-instruct:free
2026-01-20 04:04:07,979 - INFO - Fallback models (dynamic): ['qwen/qwen3-coder:free', 'google/gemini-2.0-flash-exp:free']
[01/20/26 04:04:08] DEBUG    Sending INFO to client: 🤖 AI Agent context.py:1044
                             initialized with 3 models (top 3 of                
                             3)                                                 
                    DEBUG    Sending INFO to client: 🎯 Primary  context.py:1044
                             model:                                             
                             meta-llama/llama-3.3-70b-instruct:f                
                             ree                                                
[01/20/26 04:04:08] INFO     Received INFO from server: {'msg':    logging.py:44
                             '🤖 AI Agent initialized with 3                    
                             models (top 3 of 3)', 'extra': None}               
                    INFO     Received INFO from server: {'msg':    logging.py:44
                             '🎯 Primary model:                                 
                             meta-llama/llama-3.3-70b-instruct:fre              
                             e', 'extra': None}                                 
                    DEBUG    Sending ERROR to client: ❌         context.py:1044
                             Research workflow failed for 'web':                
                             User not found.                                    
2026-01-20 04:04:08,201 - ERROR - Research workflow failed for 'web': User not found.
                    ERROR    Received ERROR from server: {'msg':   logging.py:44
                             "❌ Research workflow failed for                   
                             'web': User not found.", 'extra':                  
                             None}                                              
_________________________ test_workflow_without_trends _________________________

    async def test_workflow_without_trends():
        """Test research_workflow without trends analysis."""
        async with create_client() as client:
            result = await client.call_tool(
                "research_agent",
                {
                    "topic": "databases",
                    "max_sources": 5,
                    "include_trends": False,
                    "research_depth": "basic",
                    "enable_ai_insights": True
                }
            )
    
            output = result.content[0].text
    
            # Handle rate limits
            if "rate limit" in output.lower():
                print(f"⚠️  OpenRouter rate limited")
            else:
>               assert len(output) > 300, f"Output: {len(output)} chars"
E               AssertionError: Output: 109 chars
E               assert 109 > 300
E                +  where 109 = len('# 📋 Research Analysis: *databases*\n\n❌ **Error:** User not found.\n\n*Analysis attempted on 2026-01-20 04:04:12*')

tests/tools/test_research_agent.py:184: AssertionError
----------------------------- Captured stderr call -----------------------------
2026-01-20 04:04:12,052 - INFO - Custom routes registered successfully
2026-01-20 04:04:12,052 - INFO - Starting RivalSearchMCP in development mode (stdio)


╭──────────────────────────────────────────────────────────────────────────────╮
│                                                                              │
│                                                                              │
│                         ▄▀▀ ▄▀█ █▀▀ ▀█▀ █▀▄▀█ █▀▀ █▀█                        │
│                         █▀  █▀█ ▄▄█  █  █ ▀ █ █▄▄ █▀▀                        │
│                                                                              │
│                                                                              │
│                                FastMCP 2.14.3                                │
│                            https://gofastmcp.com                             │
│                                                                              │
│                    🖥  Server:      RivalSearchMCP                            │
│                    🚀 Deploy free: https://fastmcp.cloud                     │
│                                                                              │
╰──────────────────────────────────────────────────────────────────────────────╯
╭──────────────────────────────────────────────────────────────────────────────╮
│                          ✨ FastMCP 3.0 is coming!                           │
│       Pin `fastmcp < 3` in production, then upgrade when you're ready.       │
╰──────────────────────────────────────────────────────────────────────────────╯


[01/20/26 04:04:12] INFO     Starting MCP server 'RivalSearchMCP' server.py:2507
                             with transport 'stdio'                             
                    DEBUG    Sending INFO to client: 🔬 Starting context.py:1044
                             AI-enhanced research on: databases                 
                    DEBUG    Sending INFO to client: 📊 Research context.py:1044
                             ID: research_20260120_040412                       
2026-01-20 04:04:12,102 - INFO - Fetching free models with tool support from OpenRouter...
[01/20/26 04:04:12] INFO     Received INFO from server: {'msg':    logging.py:44
                             '🔬 Starting AI-enhanced research on:              
                             databases', 'extra': None}                         
                    INFO     Received INFO from server: {'msg':    logging.py:44
                             '📊 Research ID:                                   
                             research_20260120_040412', 'extra':                
                             None}                                              
2026-01-20 04:04:12,199 - INFO - Found 16 free fallback models with tool support
2026-01-20 04:04:12,199 - INFO - Primary model (hardcoded): meta-llama/llama-3.3-70b-instruct:free
2026-01-20 04:04:12,199 - INFO - Fallback models (dynamic): ['qwen/qwen3-coder:free', 'google/gemini-2.0-flash-exp:free']
                    DEBUG    Sending INFO to client: 🤖 AI Agent context.py:1044
                             initialized with 3 models (top 3 of                
                             3)                                                 
                    DEBUG    Sending INFO to client: 🎯 Primary  context.py:1044
                             model:                                             
                             meta-llama/llama-3.3-70b-instruct:f                
                             ree                                                
                    INFO     Received INFO from server: {'msg':    logging.py:44
                             '🤖 AI Agent initialized with 3                    
                             models (top 3 of 3)', 'extra': None}               
                    INFO     Received INFO from server: {'msg':    logging.py:44
                             '🎯 Primary model:                                 
                             meta-llama/llama-3.3-70b-instruct:fre              
                             e', 'extra': None}                                 
                    DEBUG    Sending ERROR to client: ❌         context.py:1044
                             Research workflow failed for                       
                             'databases': User not found.                       
2026-01-20 04:04:12,421 - ERROR - Research workflow failed for 'databases': User not found.
                    ERROR    Received ERROR from server: {'msg':   logging.py:44
                             "❌ Research workflow failed for                   
                             'databases': User not found.",                     
                             'extra': None}                                     
_____________________ test_workflow_with_website_analysis ______________________

    async def test_workflow_with_website_analysis():
        """Test research_workflow with website analysis included."""
        async with create_client() as client:
            result = await client.call_tool(
                "research_agent",
                {
                    "topic": "cloud",
                    "max_sources": 5,
                    "include_website_analysis": True,
                    "research_depth": "basic",
                    "enable_ai_insights": True
                }
            )
    
            output = result.content[0].text
    
            # Handle rate limits
            if "rate limit" in output.lower():
                print(f"⚠️  OpenRouter rate limited")
            else:
>               assert len(output) > 300, f"Output: {len(output)} chars"
E               AssertionError: Output: 105 chars
E               assert 105 > 300
E                +  where 105 = len('# 📋 Research Analysis: *cloud*\n\n❌ **Error:** User not found.\n\n*Analysis attempted on 2026-01-20 04:04:16*')

tests/tools/test_research_agent.py:209: AssertionError
----------------------------- Captured stderr call -----------------------------
2026-01-20 04:04:16,235 - INFO - Custom routes registered successfully
2026-01-20 04:04:16,235 - INFO - Starting RivalSearchMCP in development mode (stdio)


╭──────────────────────────────────────────────────────────────────────────────╮
│                                                                              │
│                                                                              │
│                         ▄▀▀ ▄▀█ █▀▀ ▀█▀ █▀▄▀█ █▀▀ █▀█                        │
│                         █▀  █▀█ ▄▄█  █  █ ▀ █ █▄▄ █▀▀                        │
│                                                                              │
│                                                                              │
│                                FastMCP 2.14.3                                │
│                            https://gofastmcp.com                             │
│                                                                              │
│                    🖥  Server:      RivalSearchMCP                            │
│                    🚀 Deploy free: https://fastmcp.cloud                     │
│                                                                              │
╰──────────────────────────────────────────────────────────────────────────────╯
╭──────────────────────────────────────────────────────────────────────────────╮
│                          ✨ FastMCP 3.0 is coming!                           │
│       Pin `fastmcp < 3` in production, then upgrade when you're ready.       │
╰──────────────────────────────────────────────────────────────────────────────╯


[01/20/26 04:04:16] INFO     Starting MCP server 'RivalSearchMCP' server.py:2507
                             with transport 'stdio'                             
                    DEBUG    Sending INFO to client: 🔬 Starting context.py:1044
                             AI-enhanced research on: cloud                     
                    DEBUG    Sending INFO to client: 📊 Research context.py:1044
                             ID: research_20260120_040416                       
2026-01-20 04:04:16,285 - INFO - Fetching free models with tool support from OpenRouter...
[01/20/26 04:04:16] INFO     Received INFO from server: {'msg':    logging.py:44
                             '🔬 Starting AI-enhanced research on:              
                             cloud', 'extra': None}                             
                    INFO     Received INFO from server: {'msg':    logging.py:44
                             '📊 Research ID:                                   
                             research_20260120_040416', 'extra':                
                             None}                                              
2026-01-20 04:04:16,607 - INFO - Found 16 free fallback models with tool support
2026-01-20 04:04:16,607 - INFO - Primary model (hardcoded): meta-llama/llama-3.3-70b-instruct:free
2026-01-20 04:04:16,607 - INFO - Fallback models (dynamic): ['qwen/qwen3-coder:free', 'google/gemini-2.0-flash-exp:free']
                    DEBUG    Sending INFO to client: 🤖 AI Agent context.py:1044
                             initialized with 3 models (top 3 of                
                             3)                                                 
                    DEBUG    Sending INFO to client: 🎯 Primary  context.py:1044
                             model:                                             
                             meta-llama/llama-3.3-70b-instruct:f                
                             ree                                                
                    INFO     Received INFO from server: {'msg':    logging.py:44
                             '🤖 AI Agent initialized with 3                    
                             models (top 3 of 3)', 'extra': None}               
                    INFO     Received INFO from server: {'msg':    logging.py:44
                             '🎯 Primary model:                                 
                             meta-llama/llama-3.3-70b-instruct:fre              
                             e', 'extra': None}                                 
                    DEBUG    Sending ERROR to client: ❌         context.py:1044
                             Research workflow failed for                       
                             'cloud': User not found.                           
2026-01-20 04:04:16,840 - ERROR - Research workflow failed for 'cloud': User not found.
                    ERROR    Received ERROR from server: {'msg':   logging.py:44
                             "❌ Research workflow failed for                   
                             'cloud': User not found.", 'extra':                
                             None}                                              
____________________ test_workflow_without_website_analysis ____________________

    async def test_workflow_without_website_analysis():
        """Test research_workflow without website analysis."""
        async with create_client() as client:
            result = await client.call_tool(
                "research_agent",
                {
                    "topic": "security",
                    "max_sources": 5,
                    "include_website_analysis": False,
                    "research_depth": "basic",
                    "enable_ai_insights": True
                }
            )
    
            output = result.content[0].text
    
            # Handle rate limits
            if "rate limit" in output.lower():
                print(f"⚠️  OpenRouter rate limited")
            else:
>               assert len(output) > 300, f"Output: {len(output)} chars"
E               AssertionError: Output: 108 chars
E               assert 108 > 300
E                +  where 108 = len('# 📋 Research Analysis: *security*\n\n❌ **Error:** User not found.\n\n*Analysis attempted on 2026-01-20 04:04:21*')

tests/tools/test_research_agent.py:234: AssertionError
----------------------------- Captured stderr call -----------------------------
2026-01-20 04:04:20,659 - INFO - Custom routes registered successfully
2026-01-20 04:04:20,659 - INFO - Starting RivalSearchMCP in development mode (stdio)


╭──────────────────────────────────────────────────────────────────────────────╮
│                                                                              │
│                                                                              │
│                         ▄▀▀ ▄▀█ █▀▀ ▀█▀ █▀▄▀█ █▀▀ █▀█                        │
│                         █▀  █▀█ ▄▄█  █  █ ▀ █ █▄▄ █▀▀                        │
│                                                                              │
│                                                                              │
│                                FastMCP 2.14.3                                │
│                            https://gofastmcp.com                             │
│                                                                              │
│                    🖥  Server:      RivalSearchMCP                            │
│                    🚀 Deploy free: https://fastmcp.cloud                     │
│                                                                              │
╰──────────────────────────────────────────────────────────────────────────────╯
╭──────────────────────────────────────────────────────────────────────────────╮
│                          ✨ FastMCP 3.0 is coming!                           │
│       Pin `fastmcp < 3` in production, then upgrade when you're ready.       │
╰──────────────────────────────────────────────────────────────────────────────╯


[01/20/26 04:04:20] INFO     Starting MCP server 'RivalSearchMCP' server.py:2507
                             with transport 'stdio'                             
                    DEBUG    Sending INFO to client: 🔬 Starting context.py:1044
                             AI-enhanced research on: security                  
                    DEBUG    Sending INFO to client: 📊 Research context.py:1044
                             ID: research_20260120_040420                       
2026-01-20 04:04:20,710 - INFO - Fetching free models with tool support from OpenRouter...
[01/20/26 04:04:20] INFO     Received INFO from server: {'msg':    logging.py:44
                             '🔬 Starting AI-enhanced research on:              
                             security', 'extra': None}                          
                    INFO     Received INFO from server: {'msg':    logging.py:44
                             '📊 Research ID:                                   
                             research_20260120_040420', 'extra':                
                             None}                                              
2026-01-20 04:04:20,805 - INFO - Found 16 free fallback models with tool support
2026-01-20 04:04:20,805 - INFO - Primary model (hardcoded): meta-llama/llama-3.3-70b-instruct:free
2026-01-20 04:04:20,805 - INFO - Fallback models (dynamic): ['qwen/qwen3-coder:free', 'google/gemini-2.0-flash-exp:free']
                    DEBUG    Sending INFO to client: 🤖 AI Agent context.py:1044
                             initialized with 3 models (top 3 of                
                             3)                                                 
                    DEBUG    Sending INFO to client: 🎯 Primary  context.py:1044
                             model:                                             
                             meta-llama/llama-3.3-70b-instruct:f                
                             ree                                                
                    INFO     Received INFO from server: {'msg':    logging.py:44
                             '🤖 AI Agent initialized with 3                    
                             models (top 3 of 3)', 'extra': None}               
                    INFO     Received INFO from server: {'msg':    logging.py:44
                             '🎯 Primary model:                                 
                             meta-llama/llama-3.3-70b-instruct:fre              
                             e', 'extra': None}                                 
[01/20/26 04:04:21] DEBUG    Sending ERROR to client: ❌         context.py:1044
                             Research workflow failed for                       
                             'security': User not found.                        
2026-01-20 04:04:21,012 - ERROR - Research workflow failed for 'security': User not found.
[01/20/26 04:04:21] ERROR    Received ERROR from server: {'msg':   logging.py:44
                             "❌ Research workflow failed for                   
                             'security': User not found.",                      
                             'extra': None}                                     
___________________ test_workflow_comprehensive_all_features ___________________

    async def test_workflow_comprehensive_all_features():
        """Test research_workflow with all features enabled."""
        async with create_client() as client:
            result = await client.call_tool(
                "research_agent",
                {
                    "topic": "AI trends",
                    "max_sources": 5,
                    "include_trends": True,
                    "include_website_analysis": True,
                    "research_depth": "comprehensive",
                    "enable_ai_insights": True
                }
            )
    
            output = result.content[0].text
    
            # Handle rate limits
            if "rate limit" in output.lower():
                print(f"⚠️  OpenRouter rate limited")
                assert len(output) > 50, "Error handling too minimal"
            else:
>               assert len(output) > 300, f"Comprehensive workflow: {len(output)} chars"
E               AssertionError: Comprehensive workflow: 109 chars
E               assert 109 > 300
E                +  where 109 = len('# 📋 Research Analysis: *AI trends*\n\n❌ **Error:** User not found.\n\n*Analysis attempted on 2026-01-20 04:04:25*')

tests/tools/test_research_agent.py:261: AssertionError
----------------------------- Captured stderr call -----------------------------
2026-01-20 04:04:24,828 - INFO - Custom routes registered successfully
2026-01-20 04:04:24,828 - INFO - Starting RivalSearchMCP in development mode (stdio)


╭──────────────────────────────────────────────────────────────────────────────╮
│                                                                              │
│                                                                              │
│                         ▄▀▀ ▄▀█ █▀▀ ▀█▀ █▀▄▀█ █▀▀ █▀█                        │
│                         █▀  █▀█ ▄▄█  █  █ ▀ █ █▄▄ █▀▀                        │
│                                                                              │
│                                                                              │
│                                FastMCP 2.14.3                                │
│                            https://gofastmcp.com                             │
│                                                                              │
│                    🖥  Server:      RivalSearchMCP                            │
│                    🚀 Deploy free: https://fastmcp.cloud                     │
│                                                                              │
╰──────────────────────────────────────────────────────────────────────────────╯
╭──────────────────────────────────────────────────────────────────────────────╮
│                          ✨ FastMCP 3.0 is coming!                           │
│       Pin `fastmcp < 3` in production, then upgrade when you're ready.       │
╰──────────────────────────────────────────────────────────────────────────────╯


[01/20/26 04:04:24] INFO     Starting MCP server 'RivalSearchMCP' server.py:2507
                             with transport 'stdio'                             
                    DEBUG    Sending INFO to client: 🔬 Starting context.py:1044
                             AI-enhanced research on: AI trends                 
                    DEBUG    Sending INFO to client: 📊 Research context.py:1044
                             ID: research_20260120_040424                       
2026-01-20 04:04:24,878 - INFO - Fetching free models with tool support from OpenRouter...
[01/20/26 04:04:24] INFO     Received INFO from server: {'msg':    logging.py:44
                             '🔬 Starting AI-enhanced research on:              
                             AI trends', 'extra': None}                         
                    INFO     Received INFO from server: {'msg':    logging.py:44
                             '📊 Research ID:                                   
                             research_20260120_040424', 'extra':                
                             None}                                              
2026-01-20 04:04:24,977 - INFO - Found 16 free fallback models with tool support
2026-01-20 04:04:24,977 - INFO - Primary model (hardcoded): meta-llama/llama-3.3-70b-instruct:free
2026-01-20 04:04:24,977 - INFO - Fallback models (dynamic): ['qwen/qwen3-coder:free', 'google/gemini-2.0-flash-exp:free']
[01/20/26 04:04:25] DEBUG    Sending INFO to client: 🤖 AI Agent context.py:1044
                             initialized with 3 models (top 3 of                
                             3)                                                 
                    DEBUG    Sending INFO to client: 🎯 Primary  context.py:1044
                             model:                                             
                             meta-llama/llama-3.3-70b-instruct:f                
                             ree                                                
[01/20/26 04:04:25] INFO     Received INFO from server: {'msg':    logging.py:44
                             '🤖 AI Agent initialized with 3                    
                             models (top 3 of 3)', 'extra': None}               
                    INFO     Received INFO from server: {'msg':    logging.py:44
                             '🎯 Primary model:                                 
                             meta-llama/llama-3.3-70b-instruct:fre              
                             e', 'extra': None}                                 
                    DEBUG    Sending ERROR to client: ❌         context.py:1044
                             Research workflow failed for 'AI                   
                             trends': User not found.                           
2026-01-20 04:04:25,184 - ERROR - Research workflow failed for 'AI trends': User not found.
                    ERROR    Received ERROR from server: {'msg':   logging.py:44
                             "❌ Research workflow failed for 'AI               
                             trends': User not found.", 'extra':                
                             None}                                              
______________________________ test_reddit_search ______________________________

    async def test_reddit_search():
        """Test Reddit search functionality."""
        async with create_client() as client:
            result = await client.call_tool(
                "social_search",
                {
                    "query": "Python web frameworks",
                    "platforms": ["reddit"],
                    "max_results_per_platform": 5,
                    "reddit_subreddit": "Python"
                }
            )
    
            output = result.content[0].text
>           assert len(output) > 200, f"Reddit search output too short: {len(output)} chars"
E           AssertionError: Reddit search output too short: 142 chars
E           assert 142 > 200
E            +  where 142 = len('# 💬 Social Search Results for: *Python web frameworks*\n\n**Found 0 results** across 0 platforms\n\n---\n\n*Search completed on 2026-01-20 04:05:37*')

tests/tools/test_social_search.py:30: AssertionError
----------------------------- Captured stderr call -----------------------------
2026-01-20 04:05:37,725 - INFO - Custom routes registered successfully
2026-01-20 04:05:37,725 - INFO - Starting RivalSearchMCP in development mode (stdio)


╭──────────────────────────────────────────────────────────────────────────────╮
│                                                                              │
│                                                                              │
│                         ▄▀▀ ▄▀█ █▀▀ ▀█▀ █▀▄▀█ █▀▀ █▀█                        │
│                         █▀  █▀█ ▄▄█  █  █ ▀ █ █▄▄ █▀▀                        │
│                                                                              │
│                                                                              │
│                                FastMCP 2.14.3                                │
│                            https://gofastmcp.com                             │
│                                                                              │
│                    🖥  Server:      RivalSearchMCP                            │
│                    🚀 Deploy free: https://fastmcp.cloud                     │
│                                                                              │
╰──────────────────────────────────────────────────────────────────────────────╯
╭──────────────────────────────────────────────────────────────────────────────╮
│                          ✨ FastMCP 3.0 is coming!                           │
│       Pin `fastmcp < 3` in production, then upgrade when you're ready.       │
╰──────────────────────────────────────────────────────────────────────────────╯


[01/20/26 04:05:37] INFO     Starting MCP server 'RivalSearchMCP' server.py:2507
                             with transport 'stdio'                             
2026-01-20 04:05:37,771 - INFO - Social search for: Python web frameworks on ['reddit']
2026-01-20 04:05:37,893 - ERROR - Reddit search failed: Client error '403 Blocked' for url 'https://www.reddit.com/r/Python/search.json?q=Python+web+frameworks&sort=relevance&t=all&limit=5&restrict_sr=on'
For more information check: https://developer.mozilla.org/en-US/docs/Web/HTTP/Status/403
=========================== short test summary info ============================
FAILED tests/tools/test_github_search.py::test_github_quality - AssertionError: GitHub quality output: 116 chars
assert 116 > 200
 +  where 116 = len('# 🐙 GitHub Repository Search: *TypeScript*\n\n**Found 0 repositories**\n\n---\n\n*Search completed on 2026-01-20 04:02:43*')
FAILED tests/tools/test_research_agent.py::test_workflow_basic_depth - AssertionError: Basic research too short: 110 chars
assert 110 > 500
 +  where 110 = len('# 📋 Research Analysis: *JavaScript*\n\n❌ **Error:** User not found.\n\n*Analysis attempted on 2026-01-20 04:03:51*')
FAILED tests/tools/test_research_agent.py::test_workflow_comprehensive_depth - fastmcp.exceptions.ToolError: Tool execution failed: 1 validation error for call[research_agent]
topic
  String should have at least 3 characters [type=string_too_short, input_value='AI', input_type=str]
    For further information visit https://errors.pydantic.dev/2.12/v/string_too_short
FAILED tests/tools/test_research_agent.py::test_workflow_expert_depth - AssertionError: Expert research too short: 109 chars
assert 109 > 500
 +  where 109 = len('# 📋 Research Analysis: *databases*\n\n❌ **Error:** User not found.\n\n*Analysis attempted on 2026-01-20 04:03:59*')
FAILED tests/tools/test_research_agent.py::test_workflow_max_sources - AssertionError: Output too short: 111 chars
assert 111 > 400
 +  where 111 = len('# 📋 Research Analysis: *programming*\n\n❌ **Error:** User not found.\n\n*Analysis attempted on 2026-01-20 04:04:03*')
FAILED tests/tools/test_research_agent.py::test_workflow_with_trends - AssertionError: Output: 103 chars
assert 103 > 300
 +  where 103 = len('# 📋 Research Analysis: *web*\n\n❌ **Error:** User not found.\n\n*Analysis attempted on 2026-01-20 04:04:08*')
FAILED tests/tools/test_research_agent.py::test_workflow_without_trends - AssertionError: Output: 109 chars
assert 109 > 300
 +  where 109 = len('# 📋 Research Analysis: *databases*\n\n❌ **Error:** User not found.\n\n*Analysis attempted on 2026-01-20 04:04:12*')
FAILED tests/tools/test_research_agent.py::test_workflow_with_website_analysis - AssertionError: Output: 105 chars
assert 105 > 300
 +  where 105 = len('# 📋 Research Analysis: *cloud*\n\n❌ **Error:** User not found.\n\n*Analysis attempted on 2026-01-20 04:04:16*')
FAILED tests/tools/test_research_agent.py::test_workflow_without_website_analysis - AssertionError: Output: 108 chars
assert 108 > 300
 +  where 108 = len('# 📋 Research Analysis: *security*\n\n❌ **Error:** User not found.\n\n*Analysis attempted on 2026-01-20 04:04:21*')
FAILED tests/tools/test_research_agent.py::test_workflow_comprehensive_all_features - AssertionError: Comprehensive workflow: 109 chars
assert 109 > 300
 +  where 109 = len('# 📋 Research Analysis: *AI trends*\n\n❌ **Error:** User not found.\n\n*Analysis attempted on 2026-01-20 04:04:25*')
FAILED tests/tools/test_social_search.py::test_reddit_search - AssertionError: Reddit search output too short: 142 chars
assert 142 > 200
 +  where 142 = len('# 💬 Social Search Results for: *Python web frameworks*\n\n**Found 0 results** across 0 platforms\n\n---\n\n*Search completed on 2026-01-20 04:05:37*')
================== 11 failed, 53 passed in 291.53s (0:04:51) ===================
